Archive member included to satisfy reference by file (symbol)

../lib/libprj.a(can.o)        main.o (_ZN3canD1Ev)
../lib/libprj.a(parcours.o)   main.o (_ZN8Parcours9nextStateEh)
../lib/libprj.a(memoire_24.o)
                              main.o (_ZN13Memoire24CXXXD1Ev)
../lib/libprj.a(button.o)     main.o (_ZN6ButtonC1EhNS_8typeEdgeE)
../lib/libprj.a(navigation.o)
                              main.o (_ZN10NavigationC1EN5Motor5TimerE)
../lib/libprj.a(lineSensor.o)
                              ../lib/libprj.a(parcours.o) (_ZN10LineSensorC1Ev)
../lib/libprj.a(wallSensor.o)
                              ../lib/libprj.a(parcours.o) (_ZN10WallSensorC1Ev)
../lib/libprj.a(counter.o)    ../lib/libprj.a(parcours.o) (_ZN7CounterC1Ev)
../lib/libprj.a(led.o)        main.o (_ZN3LedC1Ehh)
../lib/libprj.a(sound.o)      ../lib/libprj.a(parcours.o) (_ZN5SoundC1Ev)
../lib/libprj.a(communication.o)
                              ../lib/libprj.a(parcours.o) (_ZN13CommunicationC1Ev)
../lib/libprj.a(motor.o)      ../lib/libprj.a(navigation.o) (_ZN5MotorC1ENS_5TimerE)
/usr/lib/gcc/avr/10.2.0/avr5/libgcc.a(_udivmodhi4.o)
                              ../lib/libprj.a(wallSensor.o) (__udivmodhi4)
/usr/lib/gcc/avr/10.2.0/avr5/libgcc.a(_udivmodsi4.o)
                              ../lib/libprj.a(counter.o) (__udivmodsi4)
/usr/lib/gcc/avr/10.2.0/avr5/libgcc.a(_exit.o)
                              /usr/lib/gcc/avr/10.2.0/../../../../avr/lib/avr5/crtatmega324pa.o (exit)
/usr/lib/gcc/avr/10.2.0/avr5/libgcc.a(_copy_data.o)
                              main.o (__do_copy_data)
/usr/lib/gcc/avr/10.2.0/avr5/libgcc.a(_clear_bss.o)
                              main.o (__do_clear_bss)
/usr/lib/gcc/avr/10.2.0/avr5/libgcc.a(_ctors.o)
                              main.o (__do_global_ctors)
/usr/lib/gcc/avr/10.2.0/avr5/libgcc.a(_dtors.o)
                              main.o (__do_global_dtors)
/usr/lib/gcc/avr/10.2.0/avr5/libgcc.a(_tablejump2.o)
                              /usr/lib/gcc/avr/10.2.0/avr5/libgcc.a(_ctors.o) (__tablejump2__)
/usr/lib/gcc/avr/10.2.0/../../../../avr/lib/avr5/libm.a(addsf3.o)
                              ../lib/libprj.a(sound.o) (__subsf3)
/usr/lib/gcc/avr/10.2.0/../../../../avr/lib/avr5/libm.a(addsf3x.o)
                              /usr/lib/gcc/avr/10.2.0/../../../../avr/lib/avr5/libm.a(addsf3.o) (__addsf3x)
/usr/lib/gcc/avr/10.2.0/../../../../avr/lib/avr5/libm.a(divsf3.o)
                              ../lib/libprj.a(sound.o) (__divsf3)
/usr/lib/gcc/avr/10.2.0/../../../../avr/lib/avr5/libm.a(divsf3x.o)
                              /usr/lib/gcc/avr/10.2.0/../../../../avr/lib/avr5/libm.a(divsf3.o) (__divsf3x)
/usr/lib/gcc/avr/10.2.0/../../../../avr/lib/avr5/libm.a(fixunssfsi.o)
                              ../lib/libprj.a(sound.o) (__fixunssfsi)
/usr/lib/gcc/avr/10.2.0/../../../../avr/lib/avr5/libm.a(floatsisf.o)
                              ../lib/libprj.a(sound.o) (__floatunsisf)
/usr/lib/gcc/avr/10.2.0/../../../../avr/lib/avr5/libm.a(fp_inf.o)
                              /usr/lib/gcc/avr/10.2.0/../../../../avr/lib/avr5/libm.a(addsf3x.o) (__fp_inf)
/usr/lib/gcc/avr/10.2.0/../../../../avr/lib/avr5/libm.a(fp_nan.o)
                              /usr/lib/gcc/avr/10.2.0/../../../../avr/lib/avr5/libm.a(addsf3x.o) (__fp_nan)
/usr/lib/gcc/avr/10.2.0/../../../../avr/lib/avr5/libm.a(fp_pscA.o)
                              /usr/lib/gcc/avr/10.2.0/../../../../avr/lib/avr5/libm.a(addsf3x.o) (__fp_pscA)
/usr/lib/gcc/avr/10.2.0/../../../../avr/lib/avr5/libm.a(fp_pscB.o)
                              /usr/lib/gcc/avr/10.2.0/../../../../avr/lib/avr5/libm.a(addsf3x.o) (__fp_pscB)
/usr/lib/gcc/avr/10.2.0/../../../../avr/lib/avr5/libm.a(fp_round.o)
                              /usr/lib/gcc/avr/10.2.0/../../../../avr/lib/avr5/libm.a(addsf3.o) (__fp_round)
/usr/lib/gcc/avr/10.2.0/../../../../avr/lib/avr5/libm.a(fp_split3.o)
                              /usr/lib/gcc/avr/10.2.0/../../../../avr/lib/avr5/libm.a(addsf3x.o) (__fp_split3)
/usr/lib/gcc/avr/10.2.0/../../../../avr/lib/avr5/libm.a(fp_zero.o)
                              /usr/lib/gcc/avr/10.2.0/../../../../avr/lib/avr5/libm.a(addsf3x.o) (__fp_zero)
/usr/lib/gcc/avr/10.2.0/../../../../avr/lib/avr5/libm.a(mulsf3.o)
                              ../lib/libprj.a(sound.o) (__mulsf3)
/usr/lib/gcc/avr/10.2.0/../../../../avr/lib/avr5/libm.a(mulsf3x.o)
                              /usr/lib/gcc/avr/10.2.0/../../../../avr/lib/avr5/libm.a(mulsf3.o) (__mulsf3x)
/usr/lib/gcc/avr/10.2.0/../../../../avr/lib/avr5/libm.a(pow.o)
                              ../lib/libprj.a(sound.o) (pow)
/usr/lib/gcc/avr/10.2.0/../../../../avr/lib/avr5/libm.a(exp.o)
                              /usr/lib/gcc/avr/10.2.0/../../../../avr/lib/avr5/libm.a(pow.o) (exp)
/usr/lib/gcc/avr/10.2.0/../../../../avr/lib/avr5/libm.a(fp_powser.o)
                              /usr/lib/gcc/avr/10.2.0/../../../../avr/lib/avr5/libm.a(exp.o) (__fp_powser)
/usr/lib/gcc/avr/10.2.0/../../../../avr/lib/avr5/libm.a(inverse.o)
                              /usr/lib/gcc/avr/10.2.0/../../../../avr/lib/avr5/libm.a(exp.o) (inverse)
/usr/lib/gcc/avr/10.2.0/../../../../avr/lib/avr5/libm.a(ldexp.o)
                              /usr/lib/gcc/avr/10.2.0/../../../../avr/lib/avr5/libm.a(exp.o) (ldexp)
/usr/lib/gcc/avr/10.2.0/../../../../avr/lib/avr5/libm.a(log.o)
                              /usr/lib/gcc/avr/10.2.0/../../../../avr/lib/avr5/libm.a(pow.o) (log)
/usr/lib/gcc/avr/10.2.0/../../../../avr/lib/avr5/libm.a(modf.o)
                              /usr/lib/gcc/avr/10.2.0/../../../../avr/lib/avr5/libm.a(exp.o) (modf)
/usr/lib/gcc/avr/10.2.0/../../../../avr/lib/avr5/libm.a(fp_mpack.o)
                              /usr/lib/gcc/avr/10.2.0/../../../../avr/lib/avr5/libm.a(ldexp.o) (__fp_mpack)

Memory Configuration

Name             Origin             Length             Attributes
text             0x0000000000000000 0x0000000000020000 xr
data             0x0000000000800060 0x000000000000ffa0 rw !x
eeprom           0x0000000000810000 0x0000000000010000 rw !x
fuse             0x0000000000820000 0x0000000000000003 rw !x
lock             0x0000000000830000 0x0000000000000400 rw !x
signature        0x0000000000840000 0x0000000000000400 rw !x
user_signatures  0x0000000000850000 0x0000000000000400 rw !x
*default*        0x0000000000000000 0xffffffffffffffff

Linker script and memory map

Address of section .data set to 0x800100
LOAD /usr/lib/gcc/avr/10.2.0/../../../../avr/lib/avr5/crtatmega324pa.o
LOAD main.o
LOAD /usr/lib/gcc/avr/10.2.0/../../../../avr/lib/avr5/libm.a
LOAD ../lib/libprj.a
START GROUP
LOAD /usr/lib/gcc/avr/10.2.0/avr5/libgcc.a
LOAD /usr/lib/gcc/avr/10.2.0/../../../../avr/lib/avr5/libm.a
LOAD /usr/lib/gcc/avr/10.2.0/../../../../avr/lib/avr5/libc.a
LOAD /usr/lib/gcc/avr/10.2.0/../../../../avr/lib/avr5/libatmega324pa.a
END GROUP
                0x0000000000020000                __TEXT_REGION_LENGTH__ = DEFINED (__TEXT_REGION_LENGTH__)?__TEXT_REGION_LENGTH__:0x20000
                0x000000000000ffa0                __DATA_REGION_LENGTH__ = DEFINED (__DATA_REGION_LENGTH__)?__DATA_REGION_LENGTH__:0xffa0
                0x0000000000010000                __EEPROM_REGION_LENGTH__ = DEFINED (__EEPROM_REGION_LENGTH__)?__EEPROM_REGION_LENGTH__:0x10000
                [0x0000000000000003]                __FUSE_REGION_LENGTH__ = DEFINED (__FUSE_REGION_LENGTH__)?__FUSE_REGION_LENGTH__:0x400
                0x0000000000000400                __LOCK_REGION_LENGTH__ = DEFINED (__LOCK_REGION_LENGTH__)?__LOCK_REGION_LENGTH__:0x400
                0x0000000000000400                __SIGNATURE_REGION_LENGTH__ = DEFINED (__SIGNATURE_REGION_LENGTH__)?__SIGNATURE_REGION_LENGTH__:0x400
                0x0000000000000400                __USER_SIGNATURE_REGION_LENGTH__ = DEFINED (__USER_SIGNATURE_REGION_LENGTH__)?__USER_SIGNATURE_REGION_LENGTH__:0x400

.hash
 *(.hash)

.dynsym
 *(.dynsym)

.dynstr
 *(.dynstr)

.gnu.version
 *(.gnu.version)

.gnu.version_d
 *(.gnu.version_d)

.gnu.version_r
 *(.gnu.version_r)

.rel.init
 *(.rel.init)

.rela.init
 *(.rela.init)

.rel.text
 *(.rel.text)
 *(.rel.text.*)
 *(.rel.gnu.linkonce.t*)

.rela.text
 *(.rela.text)
 *(.rela.text.*)
 *(.rela.gnu.linkonce.t*)

.rel.fini
 *(.rel.fini)

.rela.fini
 *(.rela.fini)

.rel.rodata
 *(.rel.rodata)
 *(.rel.rodata.*)
 *(.rel.gnu.linkonce.r*)

.rela.rodata
 *(.rela.rodata)
 *(.rela.rodata.*)
 *(.rela.gnu.linkonce.r*)

.rel.data
 *(.rel.data)
 *(.rel.data.*)
 *(.rel.gnu.linkonce.d*)

.rela.data
 *(.rela.data)
 *(.rela.data.*)
 *(.rela.gnu.linkonce.d*)

.rel.ctors
 *(.rel.ctors)

.rela.ctors
 *(.rela.ctors)

.rel.dtors
 *(.rel.dtors)

.rela.dtors
 *(.rela.dtors)

.rel.got
 *(.rel.got)

.rela.got
 *(.rela.got)

.rel.bss
 *(.rel.bss)

.rela.bss
 *(.rela.bss)

.rel.plt
 *(.rel.plt)

.rela.plt
 *(.rela.plt)

.text           0x0000000000000000     0x2962
 *(.vectors)
 .vectors       0x0000000000000000       0x7c /usr/lib/gcc/avr/10.2.0/../../../../avr/lib/avr5/crtatmega324pa.o
                0x0000000000000000                __vectors
                0x0000000000000000                __vector_default
 *(.vectors)
 *(.progmem.gcc*)
 .progmem.gcc_fplib
                0x000000000000007c       0x28 /usr/lib/gcc/avr/10.2.0/../../../../avr/lib/avr5/libm.a(exp.o)
 .progmem.gcc_fplib
                0x00000000000000a4       0x5a /usr/lib/gcc/avr/10.2.0/../../../../avr/lib/avr5/libm.a(log.o)
                0x00000000000000fe                . = ALIGN (0x2)
                0x00000000000000fe                __trampolines_start = .
 *(.trampolines)
 .trampolines   0x00000000000000fe        0x0 linker stubs
 *(.trampolines*)
                0x00000000000000fe                __trampolines_end = .
 *libprintf_flt.a:*(.progmem.data)
 *libc.a:*(.progmem.data)
 *(.progmem.*)
                0x00000000000000fe                . = ALIGN (0x2)
 *(.lowtext)
 *(.lowtext*)
                0x00000000000000fe                __ctors_start = .
 *(.ctors)
 .ctors         0x00000000000000fe        0x2 main.o
                0x0000000000000100                __ctors_end = .
                0x0000000000000100                __dtors_start = .
 *(.dtors)
 .dtors         0x0000000000000100        0x2 main.o
                0x0000000000000102                __dtors_end = .
 SORT_BY_NAME(*)(.ctors)
 SORT_BY_NAME(*)(.dtors)
 *(.init0)
 .init0         0x0000000000000102        0x0 /usr/lib/gcc/avr/10.2.0/../../../../avr/lib/avr5/crtatmega324pa.o
                0x0000000000000102                __init
 *(.init0)
 *(.init1)
 *(.init1)
 *(.init2)
 .init2         0x0000000000000102        0xc /usr/lib/gcc/avr/10.2.0/../../../../avr/lib/avr5/crtatmega324pa.o
 *(.init2)
 *(.init3)
 *(.init3)
 *(.init4)
 .init4         0x000000000000010e       0x16 /usr/lib/gcc/avr/10.2.0/avr5/libgcc.a(_copy_data.o)
                0x000000000000010e                __do_copy_data
 .init4         0x0000000000000124       0x10 /usr/lib/gcc/avr/10.2.0/avr5/libgcc.a(_clear_bss.o)
                0x0000000000000124                __do_clear_bss
 *(.init4)
 *(.init5)
 *(.init5)
 *(.init6)
 .init6         0x0000000000000134       0x16 /usr/lib/gcc/avr/10.2.0/avr5/libgcc.a(_ctors.o)
                0x0000000000000134                __do_global_ctors
 *(.init6)
 *(.init7)
 *(.init7)
 *(.init8)
 *(.init8)
 *(.init9)
 .init9         0x000000000000014a        0x8 /usr/lib/gcc/avr/10.2.0/../../../../avr/lib/avr5/crtatmega324pa.o
 *(.init9)
 *(.text)
 .text          0x0000000000000152        0x4 /usr/lib/gcc/avr/10.2.0/../../../../avr/lib/avr5/crtatmega324pa.o
                0x0000000000000152                __vector_22
                0x0000000000000152                __vector_28
                0x0000000000000152                __vector_24
                0x0000000000000152                __vector_12
                0x0000000000000152                __bad_interrupt
                0x0000000000000152                __vector_6
                0x0000000000000152                __vector_3
                0x0000000000000152                __vector_23
                0x0000000000000152                __vector_30
                0x0000000000000152                __vector_25
                0x0000000000000152                __vector_11
                0x0000000000000152                __vector_17
                0x0000000000000152                __vector_19
                0x0000000000000152                __vector_7
                0x0000000000000152                __vector_27
                0x0000000000000152                __vector_5
                0x0000000000000152                __vector_4
                0x0000000000000152                __vector_9
                0x0000000000000152                __vector_21
                0x0000000000000152                __vector_15
                0x0000000000000152                __vector_29
                0x0000000000000152                __vector_8
                0x0000000000000152                __vector_26
                0x0000000000000152                __vector_14
                0x0000000000000152                __vector_10
                0x0000000000000152                __vector_16
                0x0000000000000152                __vector_18
                0x0000000000000152                __vector_20
 .text          0x0000000000000156       0xb6 main.o
                0x0000000000000156                __vector_2
                0x00000000000001b4                __vector_1
                0x00000000000001da                __vector_13
 .text          0x000000000000020c       0x58 ../lib/libprj.a(can.o)
                0x000000000000020c                _ZN3canC2Ev
                0x000000000000020c                _ZN3canC1Ev
                0x0000000000000218                _ZN3canD1Ev
                0x0000000000000218                _ZN3canD2Ev
                0x000000000000021e                _ZN3can7lectureEh
 .text          0x0000000000000264      0x42e ../lib/libprj.a(parcours.o)
                0x0000000000000264                _ZN8Parcours9nextStateEh
                0x0000000000000280                _ZN8Parcours20getNumberOfObstaclesEj
                0x000000000000029a                _ZN8ParcoursC2Ev
                0x000000000000029a                _ZN8ParcoursC1Ev
                0x0000000000000334                _ZN8Parcours6stateAEv
                0x00000000000003f4                _ZN8Parcours6stateBEv
                0x00000000000004fa                _ZN8Parcours6stateSEv
                0x0000000000000678                _ZN8Parcours14behaviourStateEh
 .text          0x0000000000000692      0x35e ../lib/libprj.a(memoire_24.o)
                0x0000000000000692                _ZN13Memoire24CXXXD2Ev
                0x0000000000000692                _ZN13Memoire24CXXXD1Ev
                0x0000000000000694                _ZN13Memoire24CXXX4initEv
                0x00000000000006a6                _ZN13Memoire24CXXXC2Ev
                0x00000000000006a6                _ZN13Memoire24CXXXC1Ev
                0x00000000000006b2                _ZN13Memoire24CXXX12choisir_bancEh
                0x00000000000006c8                _ZN13Memoire24CXXX7lectureEjPh
                0x000000000000078a                _ZN13Memoire24CXXX7lectureEjPhh
                0x0000000000000854                _ZN13Memoire24CXXX8ecritureEjh
                0x00000000000008e4                _ZN13Memoire24CXXX11ecrire_pageEjPhh
                0x00000000000009a6                _ZN13Memoire24CXXX8ecritureEjPhh
 .text          0x00000000000009f0       0xa6 ../lib/libprj.a(button.o)
                0x00000000000009f0                _ZN6ButtonC1EhNS_8typeEdgeE
                0x00000000000009f0                _ZN6ButtonC2EhNS_8typeEdgeE
                0x0000000000000a68                _ZN6Button13debounceForD2Ev
 .text          0x0000000000000a96      0x218 ../lib/libprj.a(navigation.o)
                0x0000000000000a96                _ZN10NavigationC1EN5Motor5TimerE
                0x0000000000000a96                _ZN10NavigationC2EN5Motor5TimerE
                0x0000000000000aa0                _ZN10Navigation19setDirectionAdvanceEv
                0x0000000000000aaa                _ZN10Navigation19setDirectionReverseEv
                0x0000000000000ab4                _ZN10Navigation14turnLeftSlightEv
                0x0000000000000abe                _ZN10Navigation12turnLeftHardEv
                0x0000000000000ac8                _ZN10Navigation8turnLeftEv
                0x0000000000000ad2                _ZN10Navigation15turnRightSlightEv
                0x0000000000000adc                _ZN10Navigation13turnRightHardEv
                0x0000000000000ae6                _ZN10Navigation9turnRightEv
                0x0000000000000af0                _ZN10Navigation14goStraightSlowEv
                0x0000000000000b1c                _ZN10Navigation10goStraightEv
                0x0000000000000b26                _ZN10Navigation14goStraightFastEv
                0x0000000000000b30                _ZN10Navigation11customSpeedEhh
                0x0000000000000b36                _ZN10Navigation6zigZagEv
                0x0000000000000bbc                _ZN10Navigation4stopEv
                0x0000000000000bc6                _ZN10Navigation9givePowerEv
                0x0000000000000bde                _ZN10Navigation13stationnementEv
                0x0000000000000c96                _ZN10Navigation12giveMaxPowerEv
 .text          0x0000000000000cae      0x84e ../lib/libprj.a(lineSensor.o)
                0x0000000000000cae                _ZN10LineSensorC2Ev
                0x0000000000000cae                _ZN10LineSensorC1Ev
                0x0000000000000d00                _ZN10LineSensor15detectBlackLineEh
                0x0000000000000d0c                _ZN10LineSensor16continueStraightEv
                0x0000000000000d12                _ZN10LineSensor19adjustSlightlyRightEv
                0x0000000000000d18                _ZN10LineSensor17adjustHardlyRightEv
                0x0000000000000d1e                _ZN10LineSensor18adjustSlightlyLeftEv
                0x0000000000000d24                _ZN10LineSensor16adjustHardlyLeftEv
                0x0000000000000d2a                _ZN10LineSensor10stopAtSignEv
                0x0000000000000d30                _ZN10LineSensor6zigZagEv
                0x0000000000000d96                _ZN10LineSensor20isAtStopSignObstacleEv
                0x0000000000000dd6                _ZN10LineSensor19followLineObstaclesEv
                0x0000000000000ed2                _ZN10LineSensor26followLineObstacle2ndCurveEv
                0x0000000000001016                _ZN10LineSensor22isAtStopSignNoObstacleEv
                0x0000000000001068                _ZN10LineSensor13isAtFinalStopEv
                0x0000000000001098                _ZN10LineSensor11isStillLostEv
                0x00000000000010c8                _ZN10LineSensor12takeYourLeftEv
                0x0000000000001130                _ZN10LineSensor10followLineEv
                0x000000000000135e                _ZN10LineSensor13takeYourRightEv
                0x00000000000013be                _ZN10LineSensor24followLineAfterObstaclesEv
                0x00000000000014f8                _ZN10LineSensor4lostEv
 .text          0x00000000000014fc      0x69e ../lib/libprj.a(wallSensor.o)
                0x00000000000014fc                _ZN10WallSensorC2Ev
                0x00000000000014fc                _ZN10WallSensorC1Ev
                0x0000000000001570                _ZN10WallSensor9readValueEv
                0x00000000000015c0                _ZN10WallSensor12saveDistanceEv
                0x0000000000001648                _ZN10WallSensor14detectDistanceEv
                0x00000000000016ec                _ZN10WallSensor19getObstaclePositionEj
                0x0000000000001704                _ZN10WallSensor15avoid2ObstaclesEj
                0x00000000000018bc                _ZN10WallSensor15avoid3ObstaclesEj
 .text          0x0000000000001b9a      0x118 ../lib/libprj.a(counter.o)
                0x0000000000001b9a                _ZN7CounterC1Ev
                0x0000000000001b9a                _ZN7CounterC2Ev
                0x0000000000001bc2                _ZN7Counter19convertTimeToCyclesEm
                0x0000000000001c28                _ZN7Counter13startTimerCTCEj
                0x0000000000001c56                _ZN7Counter13startTimerPWMEj
                0x0000000000001c84                _ZN7Counter17startTimerFastPWMEj
 .text          0x0000000000001cb2      0x152 ../lib/libprj.a(led.o)
                0x0000000000001cb2                _ZN3LedC1Ehh
                0x0000000000001cb2                _ZN3LedC2Ehh
                0x0000000000001cd4                _ZN3Led9setLedRedEv
                0x0000000000001cdc                _ZN3Led11setLedGreenEv
                0x0000000000001ce4                _ZN3Led9setLedOffEv
                0x0000000000001cf2                _ZN3Led11setLedAmberEv
                0x0000000000001d1c                _ZN3Led11blinkLedRedEv
                0x0000000000001d64                _ZN3Led13blinkLedGreenEv
                0x0000000000001dac                _ZN3Led13blinkLedAmberEv
 .text          0x0000000000001e04      0x1ea ../lib/libprj.a(sound.o)
                0x0000000000001e04                _ZN5SoundC1Ev
                0x0000000000001e04                _ZN5SoundC2Ev
                0x0000000000001e28                _ZN5Sound13initVariablesEh
                0x0000000000001f98                _ZN5Sound9emitSoundEv
                0x0000000000001fb6                _ZN5Sound13emitHighSoundEv
                0x0000000000001fd0                _ZN5Sound12emitLowSoundEv
                0x0000000000001fea                _ZN5Sound9stopSoundEv
 .text          0x0000000000001fee       0x68 ../lib/libprj.a(communication.o)
                0x0000000000001fee                _ZN13CommunicationC2Ev
                0x0000000000001fee                _ZN13CommunicationC1Ev
                0x0000000000002006                _ZN13Communication12transferUartEh
                0x0000000000002014                _ZN13Communication11receiveDataEv
                0x0000000000002022                _ZN13Communication12transferUartEhPh
 .text          0x0000000000002056       0xb6 ../lib/libprj.a(motor.o)
                0x0000000000002056                _ZN5MotorC1ENS_5TimerE
                0x0000000000002056                _ZN5MotorC2ENS_5TimerE
                0x00000000000020ac                _ZN5Motor15adjustDirectionENS_9DirectionE
                0x00000000000020f2                _ZN5Motor19ajustPWMPourcentageEhh
 .text          0x000000000000210c        0x0 /usr/lib/gcc/avr/10.2.0/avr5/libgcc.a(_udivmodhi4.o)
 .text          0x000000000000210c        0x0 /usr/lib/gcc/avr/10.2.0/avr5/libgcc.a(_udivmodsi4.o)
 .text          0x000000000000210c        0x0 /usr/lib/gcc/avr/10.2.0/avr5/libgcc.a(_exit.o)
 .text          0x000000000000210c        0x0 /usr/lib/gcc/avr/10.2.0/avr5/libgcc.a(_copy_data.o)
 .text          0x000000000000210c        0x0 /usr/lib/gcc/avr/10.2.0/avr5/libgcc.a(_clear_bss.o)
 .text          0x000000000000210c        0x0 /usr/lib/gcc/avr/10.2.0/avr5/libgcc.a(_ctors.o)
 .text          0x000000000000210c        0x0 /usr/lib/gcc/avr/10.2.0/avr5/libgcc.a(_dtors.o)
 .text          0x000000000000210c        0x0 /usr/lib/gcc/avr/10.2.0/avr5/libgcc.a(_tablejump2.o)
 .text          0x000000000000210c        0x0 /usr/lib/gcc/avr/10.2.0/../../../../avr/lib/avr5/libm.a(addsf3.o)
 .text          0x000000000000210c        0x0 /usr/lib/gcc/avr/10.2.0/../../../../avr/lib/avr5/libm.a(addsf3x.o)
 .text          0x000000000000210c        0x0 /usr/lib/gcc/avr/10.2.0/../../../../avr/lib/avr5/libm.a(divsf3.o)
 .text          0x000000000000210c        0x0 /usr/lib/gcc/avr/10.2.0/../../../../avr/lib/avr5/libm.a(divsf3x.o)
 .text          0x000000000000210c        0x0 /usr/lib/gcc/avr/10.2.0/../../../../avr/lib/avr5/libm.a(fixunssfsi.o)
 .text          0x000000000000210c        0x0 /usr/lib/gcc/avr/10.2.0/../../../../avr/lib/avr5/libm.a(floatsisf.o)
 .text          0x000000000000210c        0x0 /usr/lib/gcc/avr/10.2.0/../../../../avr/lib/avr5/libm.a(fp_inf.o)
 .text          0x000000000000210c        0x0 /usr/lib/gcc/avr/10.2.0/../../../../avr/lib/avr5/libm.a(fp_nan.o)
 .text          0x000000000000210c        0x0 /usr/lib/gcc/avr/10.2.0/../../../../avr/lib/avr5/libm.a(fp_pscA.o)
 .text          0x000000000000210c        0x0 /usr/lib/gcc/avr/10.2.0/../../../../avr/lib/avr5/libm.a(fp_pscB.o)
 .text          0x000000000000210c        0x0 /usr/lib/gcc/avr/10.2.0/../../../../avr/lib/avr5/libm.a(fp_round.o)
 .text          0x000000000000210c        0x0 /usr/lib/gcc/avr/10.2.0/../../../../avr/lib/avr5/libm.a(fp_split3.o)
 .text          0x000000000000210c        0x0 /usr/lib/gcc/avr/10.2.0/../../../../avr/lib/avr5/libm.a(fp_zero.o)
 .text          0x000000000000210c        0x0 /usr/lib/gcc/avr/10.2.0/../../../../avr/lib/avr5/libm.a(mulsf3.o)
 .text          0x000000000000210c        0x0 /usr/lib/gcc/avr/10.2.0/../../../../avr/lib/avr5/libm.a(mulsf3x.o)
 .text          0x000000000000210c        0x0 /usr/lib/gcc/avr/10.2.0/../../../../avr/lib/avr5/libm.a(pow.o)
 .text          0x000000000000210c        0x0 /usr/lib/gcc/avr/10.2.0/../../../../avr/lib/avr5/libm.a(exp.o)
 .text          0x000000000000210c        0x0 /usr/lib/gcc/avr/10.2.0/../../../../avr/lib/avr5/libm.a(fp_powser.o)
 .text          0x000000000000210c        0x0 /usr/lib/gcc/avr/10.2.0/../../../../avr/lib/avr5/libm.a(inverse.o)
 .text          0x000000000000210c        0x0 /usr/lib/gcc/avr/10.2.0/../../../../avr/lib/avr5/libm.a(ldexp.o)
 .text          0x000000000000210c        0x0 /usr/lib/gcc/avr/10.2.0/../../../../avr/lib/avr5/libm.a(log.o)
 .text          0x000000000000210c        0x0 /usr/lib/gcc/avr/10.2.0/../../../../avr/lib/avr5/libm.a(modf.o)
 .text          0x000000000000210c        0x0 /usr/lib/gcc/avr/10.2.0/../../../../avr/lib/avr5/libm.a(fp_mpack.o)
                0x000000000000210c                . = ALIGN (0x2)
 *(.text.*)
 .text.startup  0x000000000000210c       0x88 main.o
                0x000000000000210c                main
 .text.exit     0x0000000000002194       0x20 main.o
 .text.libgcc.mul
                0x00000000000021b4        0x0 /usr/lib/gcc/avr/10.2.0/avr5/libgcc.a(_udivmodhi4.o)
 .text.libgcc.div
                0x00000000000021b4       0x28 /usr/lib/gcc/avr/10.2.0/avr5/libgcc.a(_udivmodhi4.o)
                0x00000000000021b4                __udivmodhi4
 .text.libgcc   0x00000000000021dc        0x0 /usr/lib/gcc/avr/10.2.0/avr5/libgcc.a(_udivmodhi4.o)
 .text.libgcc.prologue
                0x00000000000021dc        0x0 /usr/lib/gcc/avr/10.2.0/avr5/libgcc.a(_udivmodhi4.o)
 .text.libgcc.builtins
                0x00000000000021dc        0x0 /usr/lib/gcc/avr/10.2.0/avr5/libgcc.a(_udivmodhi4.o)
 .text.libgcc.fmul
                0x00000000000021dc        0x0 /usr/lib/gcc/avr/10.2.0/avr5/libgcc.a(_udivmodhi4.o)
 .text.libgcc.fixed
                0x00000000000021dc        0x0 /usr/lib/gcc/avr/10.2.0/avr5/libgcc.a(_udivmodhi4.o)
 .text.libgcc.mul
                0x00000000000021dc        0x0 /usr/lib/gcc/avr/10.2.0/avr5/libgcc.a(_udivmodsi4.o)
 .text.libgcc.div
                0x00000000000021dc       0x44 /usr/lib/gcc/avr/10.2.0/avr5/libgcc.a(_udivmodsi4.o)
                0x00000000000021dc                __udivmodsi4
 .text.libgcc   0x0000000000002220        0x0 /usr/lib/gcc/avr/10.2.0/avr5/libgcc.a(_udivmodsi4.o)
 .text.libgcc.prologue
                0x0000000000002220        0x0 /usr/lib/gcc/avr/10.2.0/avr5/libgcc.a(_udivmodsi4.o)
 .text.libgcc.builtins
                0x0000000000002220        0x0 /usr/lib/gcc/avr/10.2.0/avr5/libgcc.a(_udivmodsi4.o)
 .text.libgcc.fmul
                0x0000000000002220        0x0 /usr/lib/gcc/avr/10.2.0/avr5/libgcc.a(_udivmodsi4.o)
 .text.libgcc.fixed
                0x0000000000002220        0x0 /usr/lib/gcc/avr/10.2.0/avr5/libgcc.a(_udivmodsi4.o)
 .text.libgcc.mul
                0x0000000000002220        0x0 /usr/lib/gcc/avr/10.2.0/avr5/libgcc.a(_exit.o)
 .text.libgcc.div
                0x0000000000002220        0x0 /usr/lib/gcc/avr/10.2.0/avr5/libgcc.a(_exit.o)
 .text.libgcc   0x0000000000002220        0x0 /usr/lib/gcc/avr/10.2.0/avr5/libgcc.a(_exit.o)
 .text.libgcc.prologue
                0x0000000000002220        0x0 /usr/lib/gcc/avr/10.2.0/avr5/libgcc.a(_exit.o)
 .text.libgcc.builtins
                0x0000000000002220        0x0 /usr/lib/gcc/avr/10.2.0/avr5/libgcc.a(_exit.o)
 .text.libgcc.fmul
                0x0000000000002220        0x0 /usr/lib/gcc/avr/10.2.0/avr5/libgcc.a(_exit.o)
 .text.libgcc.fixed
                0x0000000000002220        0x0 /usr/lib/gcc/avr/10.2.0/avr5/libgcc.a(_exit.o)
 .text.libgcc.mul
                0x0000000000002220        0x0 /usr/lib/gcc/avr/10.2.0/avr5/libgcc.a(_copy_data.o)
 .text.libgcc.div
                0x0000000000002220        0x0 /usr/lib/gcc/avr/10.2.0/avr5/libgcc.a(_copy_data.o)
 .text.libgcc   0x0000000000002220        0x0 /usr/lib/gcc/avr/10.2.0/avr5/libgcc.a(_copy_data.o)
 .text.libgcc.prologue
                0x0000000000002220        0x0 /usr/lib/gcc/avr/10.2.0/avr5/libgcc.a(_copy_data.o)
 .text.libgcc.builtins
                0x0000000000002220        0x0 /usr/lib/gcc/avr/10.2.0/avr5/libgcc.a(_copy_data.o)
 .text.libgcc.fmul
                0x0000000000002220        0x0 /usr/lib/gcc/avr/10.2.0/avr5/libgcc.a(_copy_data.o)
 .text.libgcc.fixed
                0x0000000000002220        0x0 /usr/lib/gcc/avr/10.2.0/avr5/libgcc.a(_copy_data.o)
 .text.libgcc.mul
                0x0000000000002220        0x0 /usr/lib/gcc/avr/10.2.0/avr5/libgcc.a(_clear_bss.o)
 .text.libgcc.div
                0x0000000000002220        0x0 /usr/lib/gcc/avr/10.2.0/avr5/libgcc.a(_clear_bss.o)
 .text.libgcc   0x0000000000002220        0x0 /usr/lib/gcc/avr/10.2.0/avr5/libgcc.a(_clear_bss.o)
 .text.libgcc.prologue
                0x0000000000002220        0x0 /usr/lib/gcc/avr/10.2.0/avr5/libgcc.a(_clear_bss.o)
 .text.libgcc.builtins
                0x0000000000002220        0x0 /usr/lib/gcc/avr/10.2.0/avr5/libgcc.a(_clear_bss.o)
 .text.libgcc.fmul
                0x0000000000002220        0x0 /usr/lib/gcc/avr/10.2.0/avr5/libgcc.a(_clear_bss.o)
 .text.libgcc.fixed
                0x0000000000002220        0x0 /usr/lib/gcc/avr/10.2.0/avr5/libgcc.a(_clear_bss.o)
 .text.libgcc.mul
                0x0000000000002220        0x0 /usr/lib/gcc/avr/10.2.0/avr5/libgcc.a(_ctors.o)
 .text.libgcc.div
                0x0000000000002220        0x0 /usr/lib/gcc/avr/10.2.0/avr5/libgcc.a(_ctors.o)
 .text.libgcc   0x0000000000002220        0x0 /usr/lib/gcc/avr/10.2.0/avr5/libgcc.a(_ctors.o)
 .text.libgcc.prologue
                0x0000000000002220        0x0 /usr/lib/gcc/avr/10.2.0/avr5/libgcc.a(_ctors.o)
 .text.libgcc.builtins
                0x0000000000002220        0x0 /usr/lib/gcc/avr/10.2.0/avr5/libgcc.a(_ctors.o)
 .text.libgcc.fmul
                0x0000000000002220        0x0 /usr/lib/gcc/avr/10.2.0/avr5/libgcc.a(_ctors.o)
 .text.libgcc.fixed
                0x0000000000002220        0x0 /usr/lib/gcc/avr/10.2.0/avr5/libgcc.a(_ctors.o)
 .text.libgcc.mul
                0x0000000000002220        0x0 /usr/lib/gcc/avr/10.2.0/avr5/libgcc.a(_dtors.o)
 .text.libgcc.div
                0x0000000000002220        0x0 /usr/lib/gcc/avr/10.2.0/avr5/libgcc.a(_dtors.o)
 .text.libgcc   0x0000000000002220        0x0 /usr/lib/gcc/avr/10.2.0/avr5/libgcc.a(_dtors.o)
 .text.libgcc.prologue
                0x0000000000002220        0x0 /usr/lib/gcc/avr/10.2.0/avr5/libgcc.a(_dtors.o)
 .text.libgcc.builtins
                0x0000000000002220        0x0 /usr/lib/gcc/avr/10.2.0/avr5/libgcc.a(_dtors.o)
 .text.libgcc.fmul
                0x0000000000002220        0x0 /usr/lib/gcc/avr/10.2.0/avr5/libgcc.a(_dtors.o)
 .text.libgcc.fixed
                0x0000000000002220        0x0 /usr/lib/gcc/avr/10.2.0/avr5/libgcc.a(_dtors.o)
 .text.libgcc.mul
                0x0000000000002220        0x0 /usr/lib/gcc/avr/10.2.0/avr5/libgcc.a(_tablejump2.o)
 .text.libgcc.div
                0x0000000000002220        0x0 /usr/lib/gcc/avr/10.2.0/avr5/libgcc.a(_tablejump2.o)
 .text.libgcc   0x0000000000002220        0xc /usr/lib/gcc/avr/10.2.0/avr5/libgcc.a(_tablejump2.o)
                0x0000000000002220                __tablejump2__
 .text.libgcc.prologue
                0x000000000000222c        0x0 /usr/lib/gcc/avr/10.2.0/avr5/libgcc.a(_tablejump2.o)
 .text.libgcc.builtins
                0x000000000000222c        0x0 /usr/lib/gcc/avr/10.2.0/avr5/libgcc.a(_tablejump2.o)
 .text.libgcc.fmul
                0x000000000000222c        0x0 /usr/lib/gcc/avr/10.2.0/avr5/libgcc.a(_tablejump2.o)
 .text.libgcc.fixed
                0x000000000000222c        0x0 /usr/lib/gcc/avr/10.2.0/avr5/libgcc.a(_tablejump2.o)
 .text.avr-libc.fplib
                0x000000000000222c        0xe /usr/lib/gcc/avr/10.2.0/../../../../avr/lib/avr5/libm.a(addsf3.o)
                0x000000000000222c                __subsf3
                0x000000000000222e                __addsf3
 .text.avr-libc.fplib
                0x000000000000223a       0xcc /usr/lib/gcc/avr/10.2.0/../../../../avr/lib/avr5/libm.a(addsf3x.o)
                0x000000000000225c                __addsf3x
 .text.avr-libc.fplib
                0x0000000000002306        0x8 /usr/lib/gcc/avr/10.2.0/../../../../avr/lib/avr5/libm.a(divsf3.o)
                0x0000000000002306                __divsf3
 .text.avr-libc.fplib
                0x000000000000230e       0xdc /usr/lib/gcc/avr/10.2.0/../../../../avr/lib/avr5/libm.a(divsf3x.o)
                0x000000000000232e                __divsf3x
                0x0000000000002334                __divsf3_pse
 .text.avr-libc.fplib
                0x00000000000023ea       0x5e /usr/lib/gcc/avr/10.2.0/../../../../avr/lib/avr5/libm.a(fixunssfsi.o)
                0x00000000000023ea                __fixunssfsi
 .text.avr-libc.fplib
                0x0000000000002448       0x7a /usr/lib/gcc/avr/10.2.0/../../../../avr/lib/avr5/libm.a(floatsisf.o)
                0x0000000000002448                __floatunsisf
                0x000000000000244c                __floatsisf
 .text.avr-libc.fplib
                0x00000000000024c2        0xc /usr/lib/gcc/avr/10.2.0/../../../../avr/lib/avr5/libm.a(fp_inf.o)
                0x00000000000024c2                __fp_inf
 .text.avr-libc.fplib
                0x00000000000024ce        0x6 /usr/lib/gcc/avr/10.2.0/../../../../avr/lib/avr5/libm.a(fp_nan.o)
                0x00000000000024ce                __fp_nan
 .text.avr-libc.fplib
                0x00000000000024d4        0xe /usr/lib/gcc/avr/10.2.0/../../../../avr/lib/avr5/libm.a(fp_pscA.o)
                0x00000000000024d4                __fp_pscA
 .text.avr-libc.fplib
                0x00000000000024e2        0xe /usr/lib/gcc/avr/10.2.0/../../../../avr/lib/avr5/libm.a(fp_pscB.o)
                0x00000000000024e2                __fp_pscB
 .text.avr-libc.fplib
                0x00000000000024f0       0x22 /usr/lib/gcc/avr/10.2.0/../../../../avr/lib/avr5/libm.a(fp_round.o)
                0x00000000000024f0                __fp_round
 .text.avr-libc.fplib
                0x0000000000002512       0x44 /usr/lib/gcc/avr/10.2.0/../../../../avr/lib/avr5/libm.a(fp_split3.o)
                0x0000000000002512                __fp_split3
                0x0000000000002522                __fp_splitA
 .text.avr-libc.fplib
                0x0000000000002556        0xe /usr/lib/gcc/avr/10.2.0/../../../../avr/lib/avr5/libm.a(fp_zero.o)
                0x0000000000002556                __fp_zero
                0x0000000000002558                __fp_szero
 .text.avr-libc.fplib
                0x0000000000002564        0x8 /usr/lib/gcc/avr/10.2.0/../../../../avr/lib/avr5/libm.a(mulsf3.o)
                0x0000000000002564                __mulsf3
 .text.avr-libc.fplib
                0x000000000000256c       0xd2 /usr/lib/gcc/avr/10.2.0/../../../../avr/lib/avr5/libm.a(mulsf3x.o)
                0x000000000000258a                __mulsf3x
                0x0000000000002590                __mulsf3_pse
 .text.avr-libc.fplib
                0x000000000000263e       0xa0 /usr/lib/gcc/avr/10.2.0/../../../../avr/lib/avr5/libm.a(pow.o)
                0x000000000000263e                pow
 .text.avr-libc.fplib
                0x00000000000026de       0x74 /usr/lib/gcc/avr/10.2.0/../../../../avr/lib/avr5/libm.a(exp.o)
                0x00000000000026ee                exp
 .text.avr-libc.fplib
                0x0000000000002752       0x4e /usr/lib/gcc/avr/10.2.0/../../../../avr/lib/avr5/libm.a(fp_powser.o)
                0x0000000000002752                __fp_powser
 .text.avr-libc.fplib
                0x00000000000027a0       0x10 /usr/lib/gcc/avr/10.2.0/../../../../avr/lib/avr5/libm.a(inverse.o)
                0x00000000000027a0                inverse
 .text.avr-libc.fplib
                0x00000000000027b0       0x74 /usr/lib/gcc/avr/10.2.0/../../../../avr/lib/avr5/libm.a(ldexp.o)
                0x00000000000027b8                ldexp
 .text.avr-libc.fplib
                0x0000000000002824       0xa0 /usr/lib/gcc/avr/10.2.0/../../../../avr/lib/avr5/libm.a(log.o)
                0x0000000000002834                log
 .text.avr-libc.fplib
                0x00000000000028c4       0x68 /usr/lib/gcc/avr/10.2.0/../../../../avr/lib/avr5/libm.a(modf.o)
                0x00000000000028c4                modff
                0x00000000000028c4                modf
 .text.avr-libc.fplib
                0x000000000000292c       0x1c /usr/lib/gcc/avr/10.2.0/../../../../avr/lib/avr5/libm.a(fp_mpack.o)
                0x000000000000292c                __fp_mpack
                0x0000000000002930                __fp_mpack_finite
                0x0000000000002948                . = ALIGN (0x2)
 *(.fini9)
 .fini9         0x0000000000002948        0x0 /usr/lib/gcc/avr/10.2.0/avr5/libgcc.a(_exit.o)
                0x0000000000002948                exit
                0x0000000000002948                _exit
 *(.fini9)
 *(.fini8)
 *(.fini8)
 *(.fini7)
 *(.fini7)
 *(.fini6)
 .fini6         0x0000000000002948       0x16 /usr/lib/gcc/avr/10.2.0/avr5/libgcc.a(_dtors.o)
                0x0000000000002948                __do_global_dtors
 *(.fini6)
 *(.fini5)
 *(.fini5)
 *(.fini4)
 *(.fini4)
 *(.fini3)
 *(.fini3)
 *(.fini2)
 *(.fini2)
 *(.fini1)
 *(.fini1)
 *(.fini0)
 .fini0         0x000000000000295e        0x4 /usr/lib/gcc/avr/10.2.0/avr5/libgcc.a(_exit.o)
 *(.fini0)
 *(.hightext)
 *(.hightext*)
 *(.progmemx.*)
                0x0000000000002962                . = ALIGN (0x2)
 *(.jumptables)
 *(.jumptables*)
                0x0000000000002962                _etext = .

.data           0x0000000000800100        0x4 load address 0x0000000000002962
                0x0000000000800100                PROVIDE (__data_start = .)
 *(.data)
 .data          0x0000000000800100        0x0 /usr/lib/gcc/avr/10.2.0/../../../../avr/lib/avr5/crtatmega324pa.o
 .data          0x0000000000800100        0x2 main.o
                0x0000000000800100                wheelTimer
 .data          0x0000000000800102        0x0 ../lib/libprj.a(can.o)
 .data          0x0000000000800102        0x0 ../lib/libprj.a(parcours.o)
 .data          0x0000000000800102        0x1 ../lib/libprj.a(memoire_24.o)
                0x0000000000800102                _ZN13Memoire24CXXX22m_adresse_peripheriqueE
 .data          0x0000000000800103        0x0 ../lib/libprj.a(button.o)
 .data          0x0000000000800103        0x0 ../lib/libprj.a(navigation.o)
 .data          0x0000000000800103        0x0 ../lib/libprj.a(lineSensor.o)
 .data          0x0000000000800103        0x0 ../lib/libprj.a(wallSensor.o)
 .data          0x0000000000800103        0x0 ../lib/libprj.a(counter.o)
 .data          0x0000000000800103        0x0 ../lib/libprj.a(led.o)
 .data          0x0000000000800103        0x0 ../lib/libprj.a(sound.o)
 .data          0x0000000000800103        0x0 ../lib/libprj.a(communication.o)
 .data          0x0000000000800103        0x0 ../lib/libprj.a(motor.o)
 .data          0x0000000000800103        0x0 /usr/lib/gcc/avr/10.2.0/avr5/libgcc.a(_udivmodhi4.o)
 .data          0x0000000000800103        0x0 /usr/lib/gcc/avr/10.2.0/avr5/libgcc.a(_udivmodsi4.o)
 .data          0x0000000000800103        0x0 /usr/lib/gcc/avr/10.2.0/avr5/libgcc.a(_exit.o)
 .data          0x0000000000800103        0x0 /usr/lib/gcc/avr/10.2.0/avr5/libgcc.a(_copy_data.o)
 .data          0x0000000000800103        0x0 /usr/lib/gcc/avr/10.2.0/avr5/libgcc.a(_clear_bss.o)
 .data          0x0000000000800103        0x0 /usr/lib/gcc/avr/10.2.0/avr5/libgcc.a(_ctors.o)
 .data          0x0000000000800103        0x0 /usr/lib/gcc/avr/10.2.0/avr5/libgcc.a(_dtors.o)
 .data          0x0000000000800103        0x0 /usr/lib/gcc/avr/10.2.0/avr5/libgcc.a(_tablejump2.o)
 .data          0x0000000000800103        0x0 /usr/lib/gcc/avr/10.2.0/../../../../avr/lib/avr5/libm.a(addsf3.o)
 .data          0x0000000000800103        0x0 /usr/lib/gcc/avr/10.2.0/../../../../avr/lib/avr5/libm.a(addsf3x.o)
 .data          0x0000000000800103        0x0 /usr/lib/gcc/avr/10.2.0/../../../../avr/lib/avr5/libm.a(divsf3.o)
 .data          0x0000000000800103        0x0 /usr/lib/gcc/avr/10.2.0/../../../../avr/lib/avr5/libm.a(divsf3x.o)
 .data          0x0000000000800103        0x0 /usr/lib/gcc/avr/10.2.0/../../../../avr/lib/avr5/libm.a(fixunssfsi.o)
 .data          0x0000000000800103        0x0 /usr/lib/gcc/avr/10.2.0/../../../../avr/lib/avr5/libm.a(floatsisf.o)
 .data          0x0000000000800103        0x0 /usr/lib/gcc/avr/10.2.0/../../../../avr/lib/avr5/libm.a(fp_inf.o)
 .data          0x0000000000800103        0x0 /usr/lib/gcc/avr/10.2.0/../../../../avr/lib/avr5/libm.a(fp_nan.o)
 .data          0x0000000000800103        0x0 /usr/lib/gcc/avr/10.2.0/../../../../avr/lib/avr5/libm.a(fp_pscA.o)
 .data          0x0000000000800103        0x0 /usr/lib/gcc/avr/10.2.0/../../../../avr/lib/avr5/libm.a(fp_pscB.o)
 .data          0x0000000000800103        0x0 /usr/lib/gcc/avr/10.2.0/../../../../avr/lib/avr5/libm.a(fp_round.o)
 .data          0x0000000000800103        0x0 /usr/lib/gcc/avr/10.2.0/../../../../avr/lib/avr5/libm.a(fp_split3.o)
 .data          0x0000000000800103        0x0 /usr/lib/gcc/avr/10.2.0/../../../../avr/lib/avr5/libm.a(fp_zero.o)
 .data          0x0000000000800103        0x0 /usr/lib/gcc/avr/10.2.0/../../../../avr/lib/avr5/libm.a(mulsf3.o)
 .data          0x0000000000800103        0x0 /usr/lib/gcc/avr/10.2.0/../../../../avr/lib/avr5/libm.a(mulsf3x.o)
 .data          0x0000000000800103        0x0 /usr/lib/gcc/avr/10.2.0/../../../../avr/lib/avr5/libm.a(pow.o)
 .data          0x0000000000800103        0x0 /usr/lib/gcc/avr/10.2.0/../../../../avr/lib/avr5/libm.a(exp.o)
 .data          0x0000000000800103        0x0 /usr/lib/gcc/avr/10.2.0/../../../../avr/lib/avr5/libm.a(fp_powser.o)
 .data          0x0000000000800103        0x0 /usr/lib/gcc/avr/10.2.0/../../../../avr/lib/avr5/libm.a(inverse.o)
 .data          0x0000000000800103        0x0 /usr/lib/gcc/avr/10.2.0/../../../../avr/lib/avr5/libm.a(ldexp.o)
 .data          0x0000000000800103        0x0 /usr/lib/gcc/avr/10.2.0/../../../../avr/lib/avr5/libm.a(log.o)
 .data          0x0000000000800103        0x0 /usr/lib/gcc/avr/10.2.0/../../../../avr/lib/avr5/libm.a(modf.o)
 .data          0x0000000000800103        0x0 /usr/lib/gcc/avr/10.2.0/../../../../avr/lib/avr5/libm.a(fp_mpack.o)
 *(.data*)
 *(.gnu.linkonce.d*)
 *(.rodata)
 *(.rodata*)
 *(.gnu.linkonce.r*)
                0x0000000000800104                . = ALIGN (0x2)
 *fill*         0x0000000000800103        0x1 
                0x0000000000800104                _edata = .
                0x0000000000800104                PROVIDE (__data_end = .)

.bss            0x0000000000800104       0xa2
                0x0000000000800104                PROVIDE (__bss_start = .)
 *(.bss)
 .bss           0x0000000000800104        0x0 /usr/lib/gcc/avr/10.2.0/../../../../avr/lib/avr5/crtatmega324pa.o
 .bss           0x0000000000800104       0xa2 main.o
                0x0000000000800104                motors
                0x0000000000800109                led
                0x000000000080010b                parcours
                0x000000000080019e                whiteButton
 .bss           0x00000000008001a6        0x0 ../lib/libprj.a(can.o)
 .bss           0x00000000008001a6        0x0 ../lib/libprj.a(parcours.o)
 .bss           0x00000000008001a6        0x0 ../lib/libprj.a(memoire_24.o)
 .bss           0x00000000008001a6        0x0 ../lib/libprj.a(button.o)
 .bss           0x00000000008001a6        0x0 ../lib/libprj.a(navigation.o)
 .bss           0x00000000008001a6        0x0 ../lib/libprj.a(lineSensor.o)
 .bss           0x00000000008001a6        0x0 ../lib/libprj.a(wallSensor.o)
 .bss           0x00000000008001a6        0x0 ../lib/libprj.a(counter.o)
 .bss           0x00000000008001a6        0x0 ../lib/libprj.a(led.o)
 .bss           0x00000000008001a6        0x0 ../lib/libprj.a(sound.o)
 .bss           0x00000000008001a6        0x0 ../lib/libprj.a(communication.o)
 .bss           0x00000000008001a6        0x0 ../lib/libprj.a(motor.o)
 .bss           0x00000000008001a6        0x0 /usr/lib/gcc/avr/10.2.0/avr5/libgcc.a(_udivmodhi4.o)
 .bss           0x00000000008001a6        0x0 /usr/lib/gcc/avr/10.2.0/avr5/libgcc.a(_udivmodsi4.o)
 .bss           0x00000000008001a6        0x0 /usr/lib/gcc/avr/10.2.0/avr5/libgcc.a(_exit.o)
 .bss           0x00000000008001a6        0x0 /usr/lib/gcc/avr/10.2.0/avr5/libgcc.a(_copy_data.o)
 .bss           0x00000000008001a6        0x0 /usr/lib/gcc/avr/10.2.0/avr5/libgcc.a(_clear_bss.o)
 .bss           0x00000000008001a6        0x0 /usr/lib/gcc/avr/10.2.0/avr5/libgcc.a(_ctors.o)
 .bss           0x00000000008001a6        0x0 /usr/lib/gcc/avr/10.2.0/avr5/libgcc.a(_dtors.o)
 .bss           0x00000000008001a6        0x0 /usr/lib/gcc/avr/10.2.0/avr5/libgcc.a(_tablejump2.o)
 .bss           0x00000000008001a6        0x0 /usr/lib/gcc/avr/10.2.0/../../../../avr/lib/avr5/libm.a(addsf3.o)
 .bss           0x00000000008001a6        0x0 /usr/lib/gcc/avr/10.2.0/../../../../avr/lib/avr5/libm.a(addsf3x.o)
 .bss           0x00000000008001a6        0x0 /usr/lib/gcc/avr/10.2.0/../../../../avr/lib/avr5/libm.a(divsf3.o)
 .bss           0x00000000008001a6        0x0 /usr/lib/gcc/avr/10.2.0/../../../../avr/lib/avr5/libm.a(divsf3x.o)
 .bss           0x00000000008001a6        0x0 /usr/lib/gcc/avr/10.2.0/../../../../avr/lib/avr5/libm.a(fixunssfsi.o)
 .bss           0x00000000008001a6        0x0 /usr/lib/gcc/avr/10.2.0/../../../../avr/lib/avr5/libm.a(floatsisf.o)
 .bss           0x00000000008001a6        0x0 /usr/lib/gcc/avr/10.2.0/../../../../avr/lib/avr5/libm.a(fp_inf.o)
 .bss           0x00000000008001a6        0x0 /usr/lib/gcc/avr/10.2.0/../../../../avr/lib/avr5/libm.a(fp_nan.o)
 .bss           0x00000000008001a6        0x0 /usr/lib/gcc/avr/10.2.0/../../../../avr/lib/avr5/libm.a(fp_pscA.o)
 .bss           0x00000000008001a6        0x0 /usr/lib/gcc/avr/10.2.0/../../../../avr/lib/avr5/libm.a(fp_pscB.o)
 .bss           0x00000000008001a6        0x0 /usr/lib/gcc/avr/10.2.0/../../../../avr/lib/avr5/libm.a(fp_round.o)
 .bss           0x00000000008001a6        0x0 /usr/lib/gcc/avr/10.2.0/../../../../avr/lib/avr5/libm.a(fp_split3.o)
 .bss           0x00000000008001a6        0x0 /usr/lib/gcc/avr/10.2.0/../../../../avr/lib/avr5/libm.a(fp_zero.o)
 .bss           0x00000000008001a6        0x0 /usr/lib/gcc/avr/10.2.0/../../../../avr/lib/avr5/libm.a(mulsf3.o)
 .bss           0x00000000008001a6        0x0 /usr/lib/gcc/avr/10.2.0/../../../../avr/lib/avr5/libm.a(mulsf3x.o)
 .bss           0x00000000008001a6        0x0 /usr/lib/gcc/avr/10.2.0/../../../../avr/lib/avr5/libm.a(pow.o)
 .bss           0x00000000008001a6        0x0 /usr/lib/gcc/avr/10.2.0/../../../../avr/lib/avr5/libm.a(exp.o)
 .bss           0x00000000008001a6        0x0 /usr/lib/gcc/avr/10.2.0/../../../../avr/lib/avr5/libm.a(fp_powser.o)
 .bss           0x00000000008001a6        0x0 /usr/lib/gcc/avr/10.2.0/../../../../avr/lib/avr5/libm.a(inverse.o)
 .bss           0x00000000008001a6        0x0 /usr/lib/gcc/avr/10.2.0/../../../../avr/lib/avr5/libm.a(ldexp.o)
 .bss           0x00000000008001a6        0x0 /usr/lib/gcc/avr/10.2.0/../../../../avr/lib/avr5/libm.a(log.o)
 .bss           0x00000000008001a6        0x0 /usr/lib/gcc/avr/10.2.0/../../../../avr/lib/avr5/libm.a(modf.o)
 .bss           0x00000000008001a6        0x0 /usr/lib/gcc/avr/10.2.0/../../../../avr/lib/avr5/libm.a(fp_mpack.o)
 *(.bss*)
 *(COMMON)
                0x00000000008001a6                PROVIDE (__bss_end = .)
                0x0000000000002962                __data_load_start = LOADADDR (.data)
                0x0000000000002966                __data_load_end = (__data_load_start + SIZEOF (.data))

.noinit         0x00000000008001a6        0x0
                [!provide]                        PROVIDE (__noinit_start = .)
 *(.noinit*)
                [!provide]                        PROVIDE (__noinit_end = .)
                0x00000000008001a6                _end = .
                [!provide]                        PROVIDE (__heap_start = .)

.eeprom         0x0000000000810000        0x0
 *(.eeprom*)
                0x0000000000810000                __eeprom_end = .

.fuse
 *(.fuse)
 *(.lfuse)
 *(.hfuse)
 *(.efuse)

.lock
 *(.lock*)

.signature
 *(.signature*)

.stab           0x0000000000000000     0x6540
 *(.stab)
 .stab          0x0000000000000000      0x498 main.o
 .stab          0x0000000000000498      0x1e0 ../lib/libprj.a(can.o)
                                        0x1ec (size before relaxing)
 .stab          0x0000000000000678      0x8e8 ../lib/libprj.a(parcours.o)
                                        0x8f4 (size before relaxing)
 .stab          0x0000000000000f60      0xc30 ../lib/libprj.a(memoire_24.o)
                                        0xc3c (size before relaxing)
 .stab          0x0000000000001b90      0x288 ../lib/libprj.a(button.o)
                                        0x294 (size before relaxing)
 .stab          0x0000000000001e18      0x7a4 ../lib/libprj.a(navigation.o)
                                        0x7b0 (size before relaxing)
 .stab          0x00000000000025bc     0x18e4 ../lib/libprj.a(lineSensor.o)
                                       0x18f0 (size before relaxing)
 .stab          0x0000000000003ea0      0xdf8 ../lib/libprj.a(wallSensor.o)
                                        0xe04 (size before relaxing)
 .stab          0x0000000000004c98      0x318 ../lib/libprj.a(counter.o)
                                        0x324 (size before relaxing)
 .stab          0x0000000000004fb0      0x57c ../lib/libprj.a(led.o)
                                        0x588 (size before relaxing)
 .stab          0x000000000000552c      0x330 ../lib/libprj.a(sound.o)
                                        0x33c (size before relaxing)
 .stab          0x000000000000585c      0x204 ../lib/libprj.a(communication.o)
                                        0x210 (size before relaxing)
 .stab          0x0000000000005a60      0x318 ../lib/libprj.a(motor.o)
                                        0x324 (size before relaxing)
 .stab          0x0000000000005d78      0x15c /usr/lib/gcc/avr/10.2.0/avr5/libgcc.a(_udivmodhi4.o)
                                        0x168 (size before relaxing)
 .stab          0x0000000000005ed4      0x228 /usr/lib/gcc/avr/10.2.0/avr5/libgcc.a(_udivmodsi4.o)
                                        0x234 (size before relaxing)
 .stab          0x00000000000060fc       0x6c /usr/lib/gcc/avr/10.2.0/avr5/libgcc.a(_exit.o)
                                         0x78 (size before relaxing)
 .stab          0x0000000000006168       0xd8 /usr/lib/gcc/avr/10.2.0/avr5/libgcc.a(_copy_data.o)
                                         0xe4 (size before relaxing)
 .stab          0x0000000000006240       0xb4 /usr/lib/gcc/avr/10.2.0/avr5/libgcc.a(_clear_bss.o)
                                         0xc0 (size before relaxing)
 .stab          0x00000000000062f4       0xd8 /usr/lib/gcc/avr/10.2.0/avr5/libgcc.a(_ctors.o)
                                         0xe4 (size before relaxing)
 .stab          0x00000000000063cc       0xd8 /usr/lib/gcc/avr/10.2.0/avr5/libgcc.a(_dtors.o)
                                         0xe4 (size before relaxing)
 .stab          0x00000000000064a4       0x9c /usr/lib/gcc/avr/10.2.0/avr5/libgcc.a(_tablejump2.o)
                                         0xa8 (size before relaxing)

.stabstr        0x0000000000000000     0xe173
 *(.stabstr)
 .stabstr       0x0000000000000000     0xe173 main.o

.stab.excl
 *(.stab.excl)

.stab.exclstr
 *(.stab.exclstr)

.stab.index
 *(.stab.index)

.stab.indexstr
 *(.stab.indexstr)

.comment        0x0000000000000000       0x23
 *(.comment)
 .comment       0x0000000000000000       0x23 main.o
                                         0x24 (size before relaxing)
 .comment       0x0000000000000023       0x24 ../lib/libprj.a(can.o)
 .comment       0x0000000000000023       0x24 ../lib/libprj.a(parcours.o)
 .comment       0x0000000000000023       0x24 ../lib/libprj.a(memoire_24.o)
 .comment       0x0000000000000023       0x24 ../lib/libprj.a(button.o)
 .comment       0x0000000000000023       0x24 ../lib/libprj.a(navigation.o)
 .comment       0x0000000000000023       0x24 ../lib/libprj.a(lineSensor.o)
 .comment       0x0000000000000023       0x24 ../lib/libprj.a(wallSensor.o)
 .comment       0x0000000000000023       0x24 ../lib/libprj.a(counter.o)
 .comment       0x0000000000000023       0x24 ../lib/libprj.a(led.o)
 .comment       0x0000000000000023       0x24 ../lib/libprj.a(sound.o)
 .comment       0x0000000000000023       0x24 ../lib/libprj.a(communication.o)
 .comment       0x0000000000000023       0x24 ../lib/libprj.a(motor.o)

.note.gnu.avr.deviceinfo
                0x0000000000000000       0x40
 .note.gnu.avr.deviceinfo
                0x0000000000000000       0x40 /usr/lib/gcc/avr/10.2.0/../../../../avr/lib/avr5/crtatmega324pa.o

.note.gnu.build-id
 *(.note.gnu.build-id)

.debug
 *(.debug)

.line
 *(.line)

.debug_srcinfo
 *(.debug_srcinfo)

.debug_sfnames
 *(.debug_sfnames)

.debug_aranges
 *(.debug_aranges)

.debug_pubnames
 *(.debug_pubnames)

.debug_info     0x0000000000000000      0x6cc
 *(.debug_info .gnu.linkonce.wi.*)
 .debug_info    0x0000000000000000      0x6cc /usr/lib/gcc/avr/10.2.0/../../../../avr/lib/avr5/crtatmega324pa.o

.debug_abbrev   0x0000000000000000      0x66e
 *(.debug_abbrev)
 .debug_abbrev  0x0000000000000000      0x66e /usr/lib/gcc/avr/10.2.0/../../../../avr/lib/avr5/crtatmega324pa.o

.debug_line     0x0000000000000000       0x1d
 *(.debug_line .debug_line.* .debug_line_end)
 .debug_line    0x0000000000000000       0x1d /usr/lib/gcc/avr/10.2.0/../../../../avr/lib/avr5/crtatmega324pa.o

.debug_frame
 *(.debug_frame)

.debug_str      0x0000000000000000      0x255
 *(.debug_str)
 .debug_str     0x0000000000000000      0x255 /usr/lib/gcc/avr/10.2.0/../../../../avr/lib/avr5/crtatmega324pa.o

.debug_loc
 *(.debug_loc)

.debug_macinfo
 *(.debug_macinfo)

.debug_weaknames
 *(.debug_weaknames)

.debug_funcnames
 *(.debug_funcnames)

.debug_typenames
 *(.debug_typenames)

.debug_varnames
 *(.debug_varnames)

.debug_pubtypes
 *(.debug_pubtypes)

.debug_ranges
 *(.debug_ranges)

.debug_macro
 *(.debug_macro)

.debug_addr
 *(.debug_addr)
OUTPUT(pro.elf elf32-avr)
LOAD linker stubs
